Testing Payment API...
node : Error: { statu
s: 'failed', reason: 
'Test kredi kartlar─▒
 ile ├Âdeme yap─▒lama
z' }
At line:1 char:1
+ node test_payment_a
pi.js > test_output.t
xt 2>&1
+ ~~~~~~~~~~~~~~~~~~~
~~~~~~~~~~~~~~~~~~~~~
~~~~~~~
    + CategoryInfo   
           : NotSpe  
  cified: (Error:    
 { status...e yap    
─▒lamaz' }:Strin    g
) [], RemoteExc    ep
tion
    + FullyQualified 
   ErrorId : Native  
  CommandError
 
